locals {
  vpc_region             = "eu-west-1"
  hvn_region             = "eu-west-2"
  cluster_id             = "consul-quickstart-4634271483588"
  hvn_id                 = "consul-quickstart-4634271483588-hvn"
  install_demo_app       = true
  vpc_id                 = "vpc-171d21e09127bb012"
  private_route_table_id = "rtb-32b0b92efeae83c30"
  public_subnet1         = "subnet-14afc1709a875ad5d"
  public_subnet2         = "subnet-1aa8d55f44387908d"
  private_subnet1        = "subnet-44afc1709a875ad5d"
  private_subnet2        = "subnet-5aa8d55f44387908d"
}

terraform {
  required_providers {
    aws = {
      source  = "hashicorp/aws"
      version = "~> 3.43"
    }
    hcp = {
      source  = "hashicorp/hcp"
      version = ">= 0.18.0"
    }
  }

}

provider "aws" {
  region = local.vpc_region
}

provider "consul" {
  address    = hcp_consul_cluster.main.consul_public_endpoint_url
  datacenter = hcp_consul_cluster.main.datacenter
  token      = hcp_consul_cluster_root_token.token.secret_id
}

resource "hcp_hvn" "main" {
  hvn_id         = local.hvn_id
  cloud_provider = "aws"
  region         = local.hvn_region
  cidr_block     = "172.25.32.0/20"
}

module "aws_hcp_consul" {
  source  = "hashicorp/hcp-consul/aws"
  version = "~> 0.9.4"

  hvn             = hcp_hvn.main
  vpc_id          = local.vpc_id
  subnet_ids      = [local.private_subnet1, local.private_subnet2]
  route_table_ids = [local.private_route_table_id]
}

resource "hcp_consul_cluster" "main" {
  cluster_id      = local.cluster_id
  hvn_id          = hcp_hvn.main.hvn_id
  public_endpoint = true
  tier            = "development"
}

resource "hcp_consul_cluster_root_token" "token" {
  cluster_id = hcp_consul_cluster.main.id
}

module "aws_ecs_cluster" {
  source  = "hashicorp/hcp-consul/aws//modules/hcp-ecs-client"
  version = "~> 0.9.4"

  allowed_http_cidr_blocks = ["0.0.0.0/0"]
  allowed_ssh_cidr_blocks  = ["0.0.0.0/0"]
  client_ca_file           = hcp_consul_cluster.main.consul_ca_file
  client_config_file       = hcp_consul_cluster.main.consul_config_file
  client_gossip_key        = jsondecode(base64decode(hcp_consul_cluster.main.consul_config_file))["encrypt"]
  client_retry_join        = jsondecode(base64decode(hcp_consul_cluster.main.consul_config_file))["retry_join"]
  consul_url               = hcp_consul_cluster.main.consul_private_endpoint_url
  consul_version           = substr(hcp_consul_cluster.main.consul_version, 1, -1)
  datacenter               = hcp_consul_cluster.main.datacenter
  nat_public_ips           = []
  private_subnet_ids       = [local.private_subnet1, local.private_subnet2]
  public_subnet_ids        = [local.public_subnet1, local.public_subnet2]
  region                   = local.vpc_region
  root_token               = hcp_consul_cluster_root_token.token.secret_id
  security_group_id        = module.aws_hcp_consul.security_group_id
  vpc_id                   = local.vpc_id
}
output "consul_root_token" {
  value     = hcp_consul_cluster_root_token.token.secret_id
  sensitive = true
}

output "consul_url" {
  value = hcp_consul_cluster.main.public_endpoint ? (
    hcp_consul_cluster.main.consul_public_endpoint_url
    ) : (
    hcp_consul_cluster.main.consul_private_endpoint_url
  )
}

output "hashicups_url" {
  value = "http://${module.aws_ecs_cluster.hashicups_url}"
}

output "next_steps" {
  value = "HashiCups Application will be ready in ~2 minutes. Use 'terraform output -raw consul_root_token' to retrieve the root token."
}
