locals {
  vpc_region             = "eu-west-1"
  hvn_region             = "eu-west-2"
  cluster_id             = "consul-quickstart-4634271483588"
  hvn_id                 = "consul-quickstart-4634271483588-hvn"
  install_demo_app       = true
  vpc_id                 = "vpc-171d21e09127bb012"
  private_route_table_id = ""
  private_subnet1        = ""
  private_subnet2        = ""
  install_eks_cluster    = true
}

terraform {
  required_providers {
    aws = {
      source  = "hashicorp/aws"
      version = "~> 3.43"
    }

    hcp = {
      source  = "hashicorp/hcp"
      version = ">= 0.18.0"
    }

    kubernetes = {
      source  = "hashicorp/kubernetes"
      version = ">= 2.4.1"
    }

    helm = {
      source  = "hashicorp/helm"
      version = ">= 2.3.0"
    }

    kubectl = {
      source  = "gavinbunney/kubectl"
      version = ">= 1.11.3"
    }
  }

}

provider "aws" {
  region = local.vpc_region
}

provider "helm" {
  kubernetes {
    host                   = local.install_eks_cluster ? data.aws_eks_cluster.cluster[0].endpoint : ""
    cluster_ca_certificate = local.install_eks_cluster ? base64decode(data.aws_eks_cluster.cluster[0].certificate_authority.0.data) : ""
    token                  = local.install_eks_cluster ? data.aws_eks_cluster_auth.cluster[0].token : ""
  }
}

provider "kubernetes" {
  host                   = local.install_eks_cluster ? data.aws_eks_cluster.cluster[0].endpoint : ""
  cluster_ca_certificate = local.install_eks_cluster ? base64decode(data.aws_eks_cluster.cluster[0].certificate_authority.0.data) : ""
  token                  = local.install_eks_cluster ? data.aws_eks_cluster_auth.cluster[0].token : ""
}

provider "kubectl" {
  host                   = local.install_eks_cluster ? data.aws_eks_cluster.cluster[0].endpoint : ""
  cluster_ca_certificate = local.install_eks_cluster ? base64decode(data.aws_eks_cluster.cluster[0].certificate_authority.0.data) : ""
  token                  = local.install_eks_cluster ? data.aws_eks_cluster_auth.cluster[0].token : ""
  load_config_file       = false
}
data "aws_eks_cluster" "cluster" {
  count = local.install_eks_cluster ? 1 : 0
  name  = module.eks[0].cluster_id
}

data "aws_eks_cluster_auth" "cluster" {
  count = local.install_eks_cluster ? 1 : 0
  name  = module.eks[0].cluster_id
}

module "eks" {
  count                  = local.install_eks_cluster ? 1 : 0
  source                 = "terraform-aws-modules/eks/aws"
  version                = "17.24.0"
  kubeconfig_api_version = "client.authentication.k8s.io/v1beta1"

  cluster_name    = "${local.cluster_id}-eks"
  cluster_version = "1.21"
  subnets         = [local.private_subnet1, local.private_subnet2]
  vpc_id          = local.vpc_id

  manage_aws_auth = false

  node_groups = {
    application = {
      name_prefix      = "hashicups"
      instance_types   = ["t3a.medium"]
      desired_capacity = 3
      max_capacity     = 3
      min_capacity     = 3
    }
  }
}

# The HVN created in HCP
resource "hcp_hvn" "main" {
  hvn_id         = local.hvn_id
  cloud_provider = "aws"
  region         = local.hvn_region
  cidr_block     = "172.25.32.0/20"
}

module "aws_hcp_consul" {
  source  = "hashicorp/hcp-consul/aws"
  version = "~> 0.8.4"

  hvn                = hcp_hvn.main
  vpc_id             = local.vpc_id
  subnet_ids         = [local.private_subnet1, local.private_subnet2]
  route_table_ids    = [local.private_route_table_id]
  security_group_ids = local.install_eks_cluster ? [module.eks[0].cluster_primary_security_group_id] : [""]
}

resource "hcp_consul_cluster" "main" {
  cluster_id      = local.cluster_id
  hvn_id          = hcp_hvn.main.hvn_id
  public_endpoint = true
  tier            = "development"
}

resource "hcp_consul_cluster_root_token" "token" {
  cluster_id = hcp_consul_cluster.main.id
}

module "eks_consul_client" {
  source  = "hashicorp/hcp-consul/aws//modules/hcp-eks-client"
  version = "~> 0.8.4"

  cluster_id       = hcp_consul_cluster.main.cluster_id
  consul_hosts     = jsondecode(base64decode(hcp_consul_cluster.main.consul_config_file))["retry_join"]
  k8s_api_endpoint = local.install_eks_cluster ? module.eks[0].cluster_endpoint : ""
  consul_version   = hcp_consul_cluster.main.consul_version

  boostrap_acl_token    = hcp_consul_cluster_root_token.token.secret_id
  consul_ca_file        = base64decode(hcp_consul_cluster.main.consul_ca_file)
  datacenter            = hcp_consul_cluster.main.datacenter
  gossip_encryption_key = jsondecode(base64decode(hcp_consul_cluster.main.consul_config_file))["encrypt"]

  # The EKS node group will fail to create if the clients are
  # created at the same time. This forces the client to wait until
  # the node group is successfully created.
  depends_on = [module.eks]
}

module "demo_app" {
  count   = local.install_demo_app ? 1 : 0
  source  = "hashicorp/hcp-consul/aws//modules/k8s-demo-app"
  version = "~> 0.8.4"

  depends_on = [module.eks_consul_client]
}
output "consul_root_token" {
  value     = hcp_consul_cluster_root_token.token.secret_id
  sensitive = true
}

output "consul_url" {
  value = hcp_consul_cluster.main.public_endpoint ? (
    hcp_consul_cluster.main.consul_public_endpoint_url
    ) : (
    hcp_consul_cluster.main.consul_private_endpoint_url
  )
}

output "kubeconfig_filename" {
  value = abspath(one(module.eks[*].kubeconfig_filename))
}

output "helm_values_filename" {
  value = abspath(module.eks_consul_client.helm_values_file)
}

output "hashicups_url" {
  value = one(module.demo_app[*].hashicups_url)
}

output "next_steps" {
  value = "HashiCups Application will be ready in ~2 minutes. Use 'terraform output consul_root_token' to retrieve the root token."
}

output "howto_connect" {
  value = <<EOF
  ${local.install_demo_app ? "The demo app, HashiCups, Has been installed for you and its components registered in Consul." : ""}
  ${local.install_demo_app ? "To access HashiCups navigate to: ${module.demo_app[0].hashicups_url}" : ""}

  To access Consul from your local client run:
  export CONSUL_HTTP_ADDR="${hcp_consul_cluster.main.consul_public_endpoint_url}"
  export CONSUL_HTTP_TOKEN=$(terraform output consul_root_token)
  
  ${local.install_eks_cluster ? "You can access your provisioned eks cluster by first running following command" : ""}
  ${local.install_eks_cluster ? "export KUBECONFIG=$(terraform output -raw kubeconfig_filename)" : ""}    

  Consul has been installed in the default namespace. To explore what has been installed run:
  
  kubectl get pods

  EOF
}
